../Drivers/CMSIS/Include/core_cm7.h:2464:22:SCB_InvalidateDCache_by_Addr	32	static,ignoring_inline_asm
../Drivers/CMSIS/Include/core_cm7.h:2491:22:SCB_CleanDCache_by_Addr	32	static,ignoring_inline_asm
../Core/Src/Block_RTC.c:29:23:RTC_BcdToDec	16	static
../Core/Src/Block_RTC.c:33:23:RTC_DecToBcd	16	static
../Core/Src/Block_RTC.c:40:6:Block_RTC_BusRecover	56	static
../Core/Src/Block_RTC.c:83:19:Block_RTC_Init	48	static
../Core/Src/Block_RTC.c:212:19:Block_RTC_Set1HzOutput	40	static
../Core/Src/Block_RTC.c:239:19:Block_RTC_SetDateTime	32	static
../Core/Src/Block_RTC.c:271:19:Block_RTC_ReadDateTime_Blocking	48	static
../Core/Src/Block_RTC.c:307:19:Block_RTC_ReadDateTime_DMA	16	static
../Core/Src/Block_RTC.c:320:6:Block_RTC_ParseDmaBuffer	16	static
../Core/Src/Block_RTC.c:336:19:Block_RTC_ReadTemperature	40	static
../Core/Src/Block_RTC.c:357:19:Block_RTC_ClearOSF	32	static
../Core/Src/Block_RTC.c:375:6:EXTI3_IRQHandler	8	static
../Core/Src/Block_RTC.c:381:6:HAL_GPIO_EXTI_Callback	16	static
../Core/Src/Block_RTC.c:389:6:DMA1_Stream0_IRQHandler	8	static
../Core/Src/Block_RTC.c:395:6:HAL_I2C_MemRxCpltCallback	16	static
../Core/Src/Block_RTC.c:402:6:I2C1_EV_IRQHandler	8	static
../Core/Src/Block_RTC.c:407:6:I2C1_ER_IRQHandler	8	static
