../Drivers/STM32F7xx_HAL_Driver/Inc/stm32f7xx_ll_tim.h:1313:22:LL_TIM_EnableCounter	16	static
../Drivers/STM32F7xx_HAL_Driver/Inc/stm32f7xx_ll_tim.h:1566:22:LL_TIM_SetCounter	16	static
../Drivers/STM32F7xx_HAL_Driver/Inc/stm32f7xx_ll_tim.h:1635:22:LL_TIM_SetAutoReload	16	static
../Drivers/STM32F7xx_HAL_Driver/Inc/stm32f7xx_ll_tim.h:2444:22:LL_TIM_OC_SetCompareCH1	16	static
../Drivers/STM32F7xx_HAL_Driver/Inc/stm32f7xx_ll_tim.h:2461:22:LL_TIM_OC_SetCompareCH2	16	static
../Drivers/STM32F7xx_HAL_Driver/Inc/stm32f7xx_ll_tim.h:2478:22:LL_TIM_OC_SetCompareCH3	16	static
../Drivers/STM32F7xx_HAL_Driver/Inc/stm32f7xx_ll_tim.h:2495:22:LL_TIM_OC_SetCompareCH4	16	static
../Drivers/STM32F7xx_HAL_Driver/Inc/stm32f7xx_ll_tim.h:3749:22:LL_TIM_ClearFlag_CC1	16	static
../Drivers/STM32F7xx_HAL_Driver/Inc/stm32f7xx_ll_tim.h:3771:22:LL_TIM_ClearFlag_CC2	16	static
../Drivers/STM32F7xx_HAL_Driver/Inc/stm32f7xx_ll_tim.h:3793:22:LL_TIM_ClearFlag_CC3	16	static
../Drivers/STM32F7xx_HAL_Driver/Inc/stm32f7xx_ll_tim.h:3815:22:LL_TIM_ClearFlag_CC4	16	static
../Drivers/STM32F7xx_HAL_Driver/Inc/stm32f7xx_ll_tim.h:4123:22:LL_TIM_EnableIT_CC1	16	static
../Drivers/STM32F7xx_HAL_Driver/Inc/stm32f7xx_ll_tim.h:4134:22:LL_TIM_DisableIT_CC1	16	static
../Drivers/STM32F7xx_HAL_Driver/Inc/stm32f7xx_ll_tim.h:4156:22:LL_TIM_EnableIT_CC2	16	static
../Drivers/STM32F7xx_HAL_Driver/Inc/stm32f7xx_ll_tim.h:4167:22:LL_TIM_DisableIT_CC2	16	static
../Drivers/STM32F7xx_HAL_Driver/Inc/stm32f7xx_ll_tim.h:4189:22:LL_TIM_EnableIT_CC3	16	static
../Drivers/STM32F7xx_HAL_Driver/Inc/stm32f7xx_ll_tim.h:4200:22:LL_TIM_DisableIT_CC3	16	static
../Drivers/STM32F7xx_HAL_Driver/Inc/stm32f7xx_ll_tim.h:4222:22:LL_TIM_EnableIT_CC4	16	static
../Drivers/STM32F7xx_HAL_Driver/Inc/stm32f7xx_ll_tim.h:4233:22:LL_TIM_DisableIT_CC4	16	static
../Drivers/STM32F7xx_HAL_Driver/Inc/stm32f7xx_ll_gpio.h:881:22:LL_GPIO_SetOutputPin	16	static
../Drivers/STM32F7xx_HAL_Driver/Inc/stm32f7xx_ll_gpio.h:910:22:LL_GPIO_ResetOutputPin	16	static
../Core/Src/Block_Sifu.c:7:6:Generate_Thyristor_Pulse	16	static
../Core/Src/Block_Sifu.c:110:6:Sifu_EnableAll	8	static
../Core/Src/Block_Sifu.c:130:6:Sifu_EnableYI1	8	static
../Core/Src/Block_Sifu.c:150:6:Sifu_EnableYI2	8	static
../Core/Src/Block_Sifu.c:169:6:Sifu_EnableYI3	8	static
../Core/Src/Block_Sifu.c:189:6:Sifu_EnableYI4	8	static
../Core/Src/Block_Sifu.c:209:6:Sifu_EnableYI5	8	static
../Core/Src/Block_Sifu.c:229:6:Sifu_EnableYI6	8	static
../Core/Src/Block_Sifu.c:252:6:Sifu_DisableAll	8	static
../Core/Src/Block_Sifu.c:279:6:Sifu_DisableYI14	8	static
../Core/Src/Block_Sifu.c:289:6:Sifu_DisableYI36	8	static
../Core/Src/Block_Sifu.c:299:6:Sifu_DisableYI52	8	static
../Core/Src/Block_Sifu.c:309:6:Sifu_DisableYI1	8	static
../Core/Src/Block_Sifu.c:315:6:Sifu_DisableYI2	8	static
../Core/Src/Block_Sifu.c:321:6:Sifu_DisableYI3	8	static
../Core/Src/Block_Sifu.c:327:6:Sifu_DisableYI4	8	static
../Core/Src/Block_Sifu.c:333:6:Sifu_DisableYI5	8	static
../Core/Src/Block_Sifu.c:339:6:Sifu_DisableYI6	8	static
../Core/Src/Block_Sifu.c:345:6:CalculateNextImpuls	64	static
../Core/Src/Block_Sifu.c:434:6:Sifu_EnableYI	16	static
../Core/Src/Block_Sifu.c:461:6:Sifu_StartPulseWidth	16	static
../Core/Src/Block_Sifu.c:478:6:Sifu_DisableYI	16	static
