../Drivers/CMSIS/Include/core_cm7.h:1884:26:__NVIC_GetPriorityGrouping	4	static
../Drivers/CMSIS/Include/core_cm7.h:1896:22:__NVIC_EnableIRQ	16	static
../Drivers/CMSIS/Include/core_cm7.h:2024:22:__NVIC_SetPriority	16	static
../Drivers/CMSIS/Include/core_cm7.h:2071:26:NVIC_EncodePriority	40	static
../Drivers/STM32F7xx_HAL_Driver/Inc/stm32f7xx_ll_tim.h:1313:22:LL_TIM_EnableCounter	16	static
../Drivers/STM32F7xx_HAL_Driver/Inc/stm32f7xx_ll_tim.h:4123:22:LL_TIM_EnableIT_CC1	16	static
../Drivers/STM32F7xx_HAL_Driver/Inc/stm32f7xx_ll_tim.h:4189:22:LL_TIM_EnableIT_CC3	16	static
../Drivers/STM32F7xx_HAL_Driver/Inc/stm32f7xx_ll_tim.h:4222:22:LL_TIM_EnableIT_CC4	16	static
../Core/Src/Block_Synhro.c:10:6:MX_SyncTimers_NVIC_Init	16	static
../Core/Src/Block_Synhro.c:32:6:MX_SyncTimers_Start	8	static
../Core/Src/Block_Synhro.c:57:6:Sync_Process_Phase	32	static
../Core/Src/Block_Synhro.c:83:6:Sync_Watchdog_Check	32	static
../Core/Src/Block_Synhro.c:104:6:Sync_CheckSequence	40	static
