../Drivers/STM32F7xx_HAL_Driver/Inc/stm32f7xx_ll_rcc.h:1952:22:LL_RCC_HSE_EnableBypass	4	static
../Drivers/STM32F7xx_HAL_Driver/Inc/stm32f7xx_ll_rcc.h:1972:22:LL_RCC_HSE_Enable	4	static
../Drivers/STM32F7xx_HAL_Driver/Inc/stm32f7xx_ll_rcc.h:1992:26:LL_RCC_HSE_IsReady	4	static
../Drivers/STM32F7xx_HAL_Driver/Inc/stm32f7xx_ll_rcc.h:2214:22:LL_RCC_SetSysClkSource	16	static
../Drivers/STM32F7xx_HAL_Driver/Inc/stm32f7xx_ll_rcc.h:2227:26:LL_RCC_GetSysClkSource	4	static
../Drivers/STM32F7xx_HAL_Driver/Inc/stm32f7xx_ll_rcc.h:2247:22:LL_RCC_SetAHBPrescaler	16	static
../Drivers/STM32F7xx_HAL_Driver/Inc/stm32f7xx_ll_rcc.h:2263:22:LL_RCC_SetAPB1Prescaler	16	static
../Drivers/STM32F7xx_HAL_Driver/Inc/stm32f7xx_ll_rcc.h:2279:22:LL_RCC_SetAPB2Prescaler	16	static
../Drivers/STM32F7xx_HAL_Driver/Inc/stm32f7xx_ll_rcc.h:3102:22:LL_RCC_SetTIMPrescaler	16	static
../Drivers/STM32F7xx_HAL_Driver/Inc/stm32f7xx_ll_rcc.h:3132:22:LL_RCC_PLL_Enable	4	static
../Drivers/STM32F7xx_HAL_Driver/Inc/stm32f7xx_ll_rcc.h:3153:26:LL_RCC_PLL_IsReady	4	static
../Drivers/STM32F7xx_HAL_Driver/Inc/stm32f7xx_ll_rcc.h:3241:22:LL_RCC_PLL_ConfigDomain_SYS	24	static
../Drivers/STM32F7xx_HAL_Driver/Inc/stm32f7xx_ll_rcc.h:3341:22:LL_RCC_PLL_ConfigDomain_48M	24	static
../Drivers/STM32F7xx_HAL_Driver/Inc/stm32f7xx_ll_bus.h:309:22:LL_AHB1_GRP1_EnableClock	24	static
../Drivers/STM32F7xx_HAL_Driver/Inc/stm32f7xx_ll_system.h:513:22:LL_SYSCFG_SetEXTISource	24	static,ignoring_inline_asm
../Drivers/STM32F7xx_HAL_Driver/Inc/stm32f7xx_ll_system.h:891:22:LL_FLASH_SetLatency	16	static
../Drivers/STM32F7xx_HAL_Driver/Inc/stm32f7xx_ll_system.h:917:26:LL_FLASH_GetLatency	4	static
../Drivers/STM32F7xx_HAL_Driver/Inc/stm32f7xx_ll_pwr.h:263:22:LL_PWR_EnableOverDriveMode	4	static
../Drivers/STM32F7xx_HAL_Driver/Inc/stm32f7xx_ll_pwr.h:297:22:LL_PWR_SetRegulVoltageScaling	16	static
../Drivers/STM32F7xx_HAL_Driver/Inc/stm32f7xx_ll_pwr.h:868:26:LL_PWR_IsActiveFlag_VOS	4	static
../Drivers/STM32F7xx_HAL_Driver/Inc/stm32f7xx_ll_gpio.h:273:22:LL_GPIO_SetPinMode	40	static,ignoring_inline_asm
../Drivers/STM32F7xx_HAL_Driver/Inc/stm32f7xx_ll_gpio.h:484:22:LL_GPIO_SetPinPull	40	static,ignoring_inline_asm
../Drivers/STM32F7xx_HAL_Driver/Inc/stm32f7xx_ll_gpio.h:881:22:LL_GPIO_SetOutputPin	16	static
../Drivers/STM32F7xx_HAL_Driver/Inc/stm32f7xx_ll_gpio.h:910:22:LL_GPIO_ResetOutputPin	16	static
../Drivers/STM32F7xx_HAL_Driver/Inc/stm32f7xx_ll_gpio.h:939:22:LL_GPIO_TogglePin	24	static
../Core/Src/main.c:110:14:CalculateThyristorPhased	4	static
../Core/Src/main.c:120:5:main	80	static,ignoring_inline_asm
../Core/Src/main.c:301:6:SystemClock_Config	8	static
../Core/Src/main.c:356:13:MX_CAN1_Init	8	static
../Core/Src/main.c:393:13:MX_CRC_Init	8	static
../Core/Src/main.c:424:13:MX_USART3_UART_Init	8	static
../Core/Src/main.c:459:13:MX_USART6_UART_Init	8	static
../Core/Src/main.c:494:13:MX_USB_OTG_FS_PCD_Init	8	static
../Core/Src/main.c:527:13:MX_DMA_Init	16	static
../Core/Src/main.c:549:13:MX_GPIO_Init	40	static
../Core/Src/main.c:637:6:MPU_Config	24	static
../Core/Src/main.c:662:10:Modbus_CRC16	32	static
../Core/Src/main.c:722:6:Modbus_RTU_Parse	304	static
../Core/Src/main.c:860:6:HAL_UARTEx_RxEventCallback	16	static
../Core/Src/main.c:872:6:HAL_UART_ErrorCallback	16	static
../Core/Src/main.c:895:6:CAN1_Init_User	48	static
../Core/Src/main.c:930:6:HAL_CAN_RxFifo0MsgPendingCallback	56	static
../Core/Src/main.c:949:7:modbus_recv_callback	128	static
../Core/Src/main.c:1049:7:modbus_accept_callback	24	static
../Core/Src/main.c:1054:6:UART3_SendString	16	static
../Core/Src/main.c:1061:6:ModbusTCP_Init	16	static
../Core/Src/main.c:1075:6:Error_Handler	4	static,ignoring_inline_asm
