../Drivers/CMSIS/Include/core_cm7.h:1896:22:__NVIC_EnableIRQ	2
../Drivers/CMSIS/Include/core_cm7.h:2024:22:__NVIC_SetPriority	2
../Drivers/CMSIS/Include/core_cm7.h:2491:22:SCB_CleanDCache_by_Addr	2
../Drivers/STM32F7xx_HAL_Driver/Inc/stm32f7xx_ll_adc.h:1832:26:LL_ADC_DMA_GetRegAddr	2
../Drivers/STM32F7xx_HAL_Driver/Inc/stm32f7xx_ll_adc.h:2040:22:LL_ADC_SetSequencersScanMode	1
../Drivers/STM32F7xx_HAL_Driver/Inc/stm32f7xx_ll_adc.h:2451:22:LL_ADC_REG_SetSequencerRanks	1
../Drivers/STM32F7xx_HAL_Driver/Inc/stm32f7xx_ll_adc.h:2683:22:LL_ADC_REG_SetFlagEndOfConversion	1
../Drivers/STM32F7xx_HAL_Driver/Inc/stm32f7xx_ll_adc.h:3233:22:LL_ADC_SetChannelSamplingTime	1
../Drivers/STM32F7xx_HAL_Driver/Inc/stm32f7xx_ll_adc.h:3822:22:LL_ADC_Enable	1
../Drivers/STM32F7xx_HAL_Driver/Inc/stm32f7xx_ll_dac.h:891:22:LL_DAC_Enable	1
../Drivers/STM32F7xx_HAL_Driver/Inc/stm32f7xx_ll_rcc.h:1952:22:LL_RCC_HSE_EnableBypass	1
../Drivers/STM32F7xx_HAL_Driver/Inc/stm32f7xx_ll_rcc.h:1972:22:LL_RCC_HSE_Enable	1
../Drivers/STM32F7xx_HAL_Driver/Inc/stm32f7xx_ll_rcc.h:1992:26:LL_RCC_HSE_IsReady	1
../Drivers/STM32F7xx_HAL_Driver/Inc/stm32f7xx_ll_rcc.h:2214:22:LL_RCC_SetSysClkSource	1
../Drivers/STM32F7xx_HAL_Driver/Inc/stm32f7xx_ll_rcc.h:2227:26:LL_RCC_GetSysClkSource	1
../Drivers/STM32F7xx_HAL_Driver/Inc/stm32f7xx_ll_rcc.h:2247:22:LL_RCC_SetAHBPrescaler	1
../Drivers/STM32F7xx_HAL_Driver/Inc/stm32f7xx_ll_rcc.h:2263:22:LL_RCC_SetAPB1Prescaler	1
../Drivers/STM32F7xx_HAL_Driver/Inc/stm32f7xx_ll_rcc.h:2279:22:LL_RCC_SetAPB2Prescaler	1
../Drivers/STM32F7xx_HAL_Driver/Inc/stm32f7xx_ll_rcc.h:3102:22:LL_RCC_SetTIMPrescaler	1
../Drivers/STM32F7xx_HAL_Driver/Inc/stm32f7xx_ll_rcc.h:3132:22:LL_RCC_PLL_Enable	1
../Drivers/STM32F7xx_HAL_Driver/Inc/stm32f7xx_ll_rcc.h:3153:26:LL_RCC_PLL_IsReady	1
../Drivers/STM32F7xx_HAL_Driver/Inc/stm32f7xx_ll_rcc.h:3241:22:LL_RCC_PLL_ConfigDomain_SYS	1
../Drivers/STM32F7xx_HAL_Driver/Inc/stm32f7xx_ll_rcc.h:3341:22:LL_RCC_PLL_ConfigDomain_48M	1
../Drivers/STM32F7xx_HAL_Driver/Inc/stm32f7xx_ll_bus.h:309:22:LL_AHB1_GRP1_EnableClock	1
../Drivers/STM32F7xx_HAL_Driver/Inc/stm32f7xx_ll_bus.h:1071:22:LL_APB1_GRP1_EnableClock	1
../Drivers/STM32F7xx_HAL_Driver/Inc/stm32f7xx_ll_bus.h:1587:22:LL_APB2_GRP1_EnableClock	1
../Drivers/STM32F7xx_HAL_Driver/Inc/stm32f7xx_ll_system.h:513:22:LL_SYSCFG_SetEXTISource	1
../Drivers/STM32F7xx_HAL_Driver/Inc/stm32f7xx_ll_system.h:891:22:LL_FLASH_SetLatency	1
../Drivers/STM32F7xx_HAL_Driver/Inc/stm32f7xx_ll_system.h:917:26:LL_FLASH_GetLatency	1
../Drivers/STM32F7xx_HAL_Driver/Inc/stm32f7xx_ll_pwr.h:263:22:LL_PWR_EnableOverDriveMode	1
../Drivers/STM32F7xx_HAL_Driver/Inc/stm32f7xx_ll_pwr.h:297:22:LL_PWR_SetRegulVoltageScaling	1
../Drivers/STM32F7xx_HAL_Driver/Inc/stm32f7xx_ll_pwr.h:868:26:LL_PWR_IsActiveFlag_VOS	1
../Drivers/STM32F7xx_HAL_Driver/Inc/stm32f7xx_ll_dma.h:497:22:LL_DMA_EnableStream	1
../Drivers/STM32F7xx_HAL_Driver/Inc/stm32f7xx_ll_dma.h:572:22:LL_DMA_ConfigTransfer	1
../Drivers/STM32F7xx_HAL_Driver/Inc/stm32f7xx_ll_dma.h:971:22:LL_DMA_SetDataLength	1
../Drivers/STM32F7xx_HAL_Driver/Inc/stm32f7xx_ll_dma.h:1032:22:LL_DMA_SetChannelSelection	1
../Drivers/STM32F7xx_HAL_Driver/Inc/stm32f7xx_ll_dma.h:1425:22:LL_DMA_ConfigAddresses	2
../Drivers/STM32F7xx_HAL_Driver/Inc/stm32f7xx_ll_dma.h:2609:22:LL_DMA_EnableIT_TC	1
../Drivers/STM32F7xx_HAL_Driver/Inc/stm32f7xx_ll_tim.h:1313:22:LL_TIM_EnableCounter	1
../Drivers/STM32F7xx_HAL_Driver/Inc/stm32f7xx_ll_tim.h:1453:22:LL_TIM_SetCounterMode	1
../Drivers/STM32F7xx_HAL_Driver/Inc/stm32f7xx_ll_tim.h:1504:22:LL_TIM_DisableARRPreload	1
../Drivers/STM32F7xx_HAL_Driver/Inc/stm32f7xx_ll_tim.h:1608:22:LL_TIM_SetPrescaler	1
../Drivers/STM32F7xx_HAL_Driver/Inc/stm32f7xx_ll_tim.h:1635:22:LL_TIM_SetAutoReload	1
../Drivers/STM32F7xx_HAL_Driver/Inc/stm32f7xx_ll_tim.h:3138:22:LL_TIM_SetTriggerOutput	1
../Drivers/STM32F7xx_HAL_Driver/Inc/stm32f7xx_ll_tim.h:3235:22:LL_TIM_DisableMasterSlaveMode	1
../Drivers/STM32F7xx_HAL_Driver/Inc/stm32f7xx_ll_gpio.h:273:22:LL_GPIO_SetPinMode	1
../Drivers/STM32F7xx_HAL_Driver/Inc/stm32f7xx_ll_gpio.h:484:22:LL_GPIO_SetPinPull	1
../Drivers/STM32F7xx_HAL_Driver/Inc/stm32f7xx_ll_gpio.h:881:22:LL_GPIO_SetOutputPin	1
../Drivers/STM32F7xx_HAL_Driver/Inc/stm32f7xx_ll_gpio.h:910:22:LL_GPIO_ResetOutputPin	1
../Drivers/STM32F7xx_HAL_Driver/Inc/stm32f7xx_ll_gpio.h:939:22:LL_GPIO_TogglePin	1
../Core/Src/main.c:155:14:CalculateThyristorPhased	1
../Core/Src/main.c:165:5:main	15
../Core/Src/main.c:471:6:SystemClock_Config	7
../Core/Src/main.c:526:13:MX_ADC1_Init	1
../Core/Src/main.c:647:13:MX_CAN1_Init	2
../Core/Src/main.c:684:13:MX_CRC_Init	2
../Core/Src/main.c:715:13:MX_DAC_Init	1
../Core/Src/main.c:769:13:MX_TIM7_Init	1
../Core/Src/main.c:802:13:MX_USART3_UART_Init	2
../Core/Src/main.c:837:13:MX_USART6_UART_Init	2
../Core/Src/main.c:872:13:MX_USB_OTG_FS_PCD_Init	2
../Core/Src/main.c:905:13:MX_DMA_Init	1
../Core/Src/main.c:933:13:MX_GPIO_Init	1
../Core/Src/main.c:1248:6:MPU_Config	1
../Core/Src/main.c:1273:10:Modbus_CRC16	4
../Core/Src/main.c:1333:6:Modbus_RTU_Parse	14
../Core/Src/main.c:1492:6:HAL_UARTEx_RxEventCallback	3
../Core/Src/main.c:1506:6:HAL_UART_ErrorCallback	3
../Core/Src/main.c:1529:6:CAN1_Init_User	4
../Core/Src/main.c:1564:6:HAL_CAN_RxFifo0MsgPendingCallback	2
../Core/Src/main.c:1583:7:modbus_recv_callback	17
../Core/Src/main.c:1683:7:modbus_accept_callback	1
../Core/Src/main.c:1688:6:UART3_SendString	1
../Core/Src/main.c:1695:6:ModbusTCP_Init	1
../Core/Src/main.c:1702:13:MX_DMA_ADC_Init	1
../Core/Src/main.c:1733:13:MX_TIM2_Init	1
../Core/Src/main.c:1747:6:RAM_Sections_Init	3
../Core/Src/main.c:1769:6:Backup_SRAM_Init	1
../Core/Src/main.c:1791:6:Error_Handler	1
