../Drivers/STM32F7xx_HAL_Driver/Inc/stm32f7xx_ll_exti.h:830:26:LL_EXTI_IsActiveFlag_0_31	16	static
../Drivers/STM32F7xx_HAL_Driver/Inc/stm32f7xx_ll_exti.h:904:22:LL_EXTI_ClearFlag_0_31	16	static
../Drivers/STM32F7xx_HAL_Driver/Inc/stm32f7xx_ll_dma.h:1760:26:LL_DMA_IsActiveFlag_TC0	16	static
../Drivers/STM32F7xx_HAL_Driver/Inc/stm32f7xx_ll_dma.h:2200:22:LL_DMA_ClearFlag_TC0	16	static
../Core/Src/stm32f7xx_it.c:79:6:NMI_Handler	4	static
../Core/Src/stm32f7xx_it.c:94:6:HardFault_Handler	4	static
../Core/Src/stm32f7xx_it.c:109:6:MemManage_Handler	4	static
../Core/Src/stm32f7xx_it.c:124:6:BusFault_Handler	4	static
../Core/Src/stm32f7xx_it.c:139:6:UsageFault_Handler	4	static
../Core/Src/stm32f7xx_it.c:154:6:SVC_Handler	4	static
../Core/Src/stm32f7xx_it.c:167:6:DebugMon_Handler	4	static
../Core/Src/stm32f7xx_it.c:180:6:PendSV_Handler	4	static
../Core/Src/stm32f7xx_it.c:193:6:SysTick_Handler	8	static
../Core/Src/stm32f7xx_it.c:214:6:DMA1_Stream1_IRQHandler	8	static
../Core/Src/stm32f7xx_it.c:228:6:DMA1_Stream3_IRQHandler	8	static
../Core/Src/stm32f7xx_it.c:242:6:CAN1_RX0_IRQHandler	8	static
../Core/Src/stm32f7xx_it.c:256:6:USART3_IRQHandler	8	static
../Core/Src/stm32f7xx_it.c:270:6:DMA2_Stream1_IRQHandler	8	static
../Core/Src/stm32f7xx_it.c:284:6:DMA2_Stream6_IRQHandler	8	static
../Core/Src/stm32f7xx_it.c:298:6:USART6_IRQHandler	8	static
../Core/Src/stm32f7xx_it.c:313:6:EXTI0_IRQHandler	8	static
../Core/Src/stm32f7xx_it.c:322:6:EXTI1_IRQHandler	8	static
../Core/Src/stm32f7xx_it.c:331:6:EXTI2_IRQHandler	8	static
../Core/Src/stm32f7xx_it.c:341:6:EXTI15_10_IRQHandler	8	static
../Core/Src/stm32f7xx_it.c:353:6:DMA2_Stream0_IRQHandler	8	static
