../Drivers/STM32F7xx_HAL_Driver/Inc/stm32f7xx_ll_exti.h:830:26:LL_EXTI_IsActiveFlag_0_31	16	static
../Drivers/STM32F7xx_HAL_Driver/Inc/stm32f7xx_ll_exti.h:904:22:LL_EXTI_ClearFlag_0_31	16	static
../Drivers/STM32F7xx_HAL_Driver/Inc/stm32f7xx_ll_dma.h:1760:26:LL_DMA_IsActiveFlag_TC0	16	static
../Drivers/STM32F7xx_HAL_Driver/Inc/stm32f7xx_ll_dma.h:2200:22:LL_DMA_ClearFlag_TC0	16	static
../Drivers/STM32F7xx_HAL_Driver/Inc/stm32f7xx_ll_tim.h:3727:22:LL_TIM_ClearFlag_UPDATE	16	static
../Drivers/STM32F7xx_HAL_Driver/Inc/stm32f7xx_ll_tim.h:3738:26:LL_TIM_IsActiveFlag_UPDATE	16	static
../Drivers/STM32F7xx_HAL_Driver/Inc/stm32f7xx_ll_gpio.h:881:22:LL_GPIO_SetOutputPin	16	static
../Drivers/STM32F7xx_HAL_Driver/Inc/stm32f7xx_ll_gpio.h:910:22:LL_GPIO_ResetOutputPin	16	static
../Core/Src/stm32f7xx_it.c:81:6:NMI_Handler	4	static
../Core/Src/stm32f7xx_it.c:96:6:HardFault_Handler	4	static
../Core/Src/stm32f7xx_it.c:111:6:MemManage_Handler	4	static
../Core/Src/stm32f7xx_it.c:126:6:BusFault_Handler	4	static
../Core/Src/stm32f7xx_it.c:141:6:UsageFault_Handler	4	static
../Core/Src/stm32f7xx_it.c:156:6:SVC_Handler	4	static
../Core/Src/stm32f7xx_it.c:169:6:DebugMon_Handler	4	static
../Core/Src/stm32f7xx_it.c:182:6:PendSV_Handler	4	static
../Core/Src/stm32f7xx_it.c:195:6:SysTick_Handler	8	static
../Core/Src/stm32f7xx_it.c:216:6:DMA1_Stream1_IRQHandler	8	static
../Core/Src/stm32f7xx_it.c:230:6:DMA1_Stream3_IRQHandler	8	static
../Core/Src/stm32f7xx_it.c:244:6:CAN1_RX0_IRQHandler	8	static
../Core/Src/stm32f7xx_it.c:258:6:USART3_IRQHandler	8	static
../Core/Src/stm32f7xx_it.c:272:6:TIM6_DAC_IRQHandler	8	static
../Core/Src/stm32f7xx_it.c:332:6:DMA2_Stream1_IRQHandler	8	static
../Core/Src/stm32f7xx_it.c:346:6:DMA2_Stream6_IRQHandler	8	static
../Core/Src/stm32f7xx_it.c:360:6:USART6_IRQHandler	8	static
../Core/Src/stm32f7xx_it.c:375:6:EXTI0_IRQHandler	8	static
../Core/Src/stm32f7xx_it.c:384:6:EXTI1_IRQHandler	8	static
../Core/Src/stm32f7xx_it.c:393:6:EXTI2_IRQHandler	8	static
../Core/Src/stm32f7xx_it.c:403:6:EXTI15_10_IRQHandler	8	static
../Core/Src/stm32f7xx_it.c:415:6:DMA2_Stream0_IRQHandler	8	static
